current directory: /mnt/c/dev/orga/vendor/bundle/ruby/3.2.0/gems/bigdecimal-4.0.1/ext/bigdecimal
/usr/bin/ruby3.2 -I/usr/lib/ruby/vendor_ruby extconf.rb
checking for __builtin_clz()... yes
checking for __builtin_clzl()... yes
checking for __builtin_clzll()... yes
checking for float.h... yes
checking for math.h... yes
checking for stdbool.h... yes
checking for stdlib.h... yes
checking for x86intrin.h... yes
checking for _lzcnt_u32() in x86intrin.h... no
checking for _lzcnt_u64() in x86intrin.h... no
checking for intrin.h... no
checking for ruby/atomic.h... yes
checking for ruby/internal/has/builtin.h... yes
checking for ruby/internal/static_assert.h... yes
checking for rb_complex_real() in ruby.h... yes
checking for rb_complex_imag() in ruby.h... yes
checking for rb_opts_exception_p() in ruby.h... yes
checking for rb_category_warn() in ruby.h... yes
checking for RB_WARN_CATEGORY_DEPRECATED in ruby.h... yes
creating Makefile

current directory: /mnt/c/dev/orga/vendor/bundle/ruby/3.2.0/gems/bigdecimal-4.0.1/ext/bigdecimal
make DESTDIR\= sitearchdir\=./.gem.20260119-5105-kajimx sitelibdir\=./.gem.20260119-5105-kajimx clean
make: Warning: File 'Makefile' has modification time 0.47 s in the future
make: warning:  Clock skew detected.  Your build may be incomplete.

current directory: /mnt/c/dev/orga/vendor/bundle/ruby/3.2.0/gems/bigdecimal-4.0.1/ext/bigdecimal
make DESTDIR\= sitearchdir\=./.gem.20260119-5105-kajimx sitelibdir\=./.gem.20260119-5105-kajimx
make: Warning: File 'Makefile' has modification time 0.46 s in the future
compiling bigdecimal.c
compiling missing.c
linking shared-object bigdecimal.so
make: warning:  Clock skew detected.  Your build may be incomplete.

current directory: /mnt/c/dev/orga/vendor/bundle/ruby/3.2.0/gems/bigdecimal-4.0.1/ext/bigdecimal
make DESTDIR\= sitearchdir\=./.gem.20260119-5105-kajimx sitelibdir\=./.gem.20260119-5105-kajimx install
/usr/bin/install -c -m 0755 bigdecimal.so ./.gem.20260119-5105-kajimx

current directory: /mnt/c/dev/orga/vendor/bundle/ruby/3.2.0/gems/bigdecimal-4.0.1/ext/bigdecimal
make DESTDIR\= sitearchdir\=./.gem.20260119-5105-kajimx sitelibdir\=./.gem.20260119-5105-kajimx clean
